[2026-09-17T11:21:42.526Z] GET http://localhost:5173/ → 200 (7ms, 626B)
[2026-09-17T11:21:42.541Z] GET http://localhost:5173/@vite/client → 200 (10ms, 210597B)
[2026-09-17T11:21:42.541Z] GET http://localhost:5173/src/main.jsx?t=1789643854846 → 200 (8ms, 1632B)
[2026-09-17T11:21:42.546Z] GET http://localhost:5173/@react-refresh → 200 (6ms, 111894B)
[2026-09-17T11:21:42.550Z] GET http://localhost:5173/node_modules/.vite/deps/react.js?v=4c71661a → 200 (1ms, 755B)
[2026-09-17T11:21:42.550Z] GET http://localhost:5173/node_modules/.vite/deps/react-dom_client.js?v=4c71661a → 200 (28ms, 3132169B)
[2026-09-17T11:21:42.550Z] GET http://localhost:5173/src/index.css → 200 (25ms, 2740B)
[2026-09-17T11:21:42.550Z] GET http://localhost:5173/src/App.jsx?t=1789643854846 → 200 (27ms, 2281B)
[2026-09-17T11:21:42.550Z] GET http://localhost:5173/node_modules/.vite/deps/react_jsx-dev-runtime.js?v=4c71661a → 200 (27ms, 35681B)
[2026-09-17T11:21:42.551Z] GET http://localhost:5173/node_modules/vite/dist/client/env.mjs → 200 (15ms, 3478B)
[2026-09-17T11:21:42.553Z] GET http://localhost:5173/node_modules/.vite/deps/react-DFaPHOdc.js?v=4c71661a → 200 (12ms, 135400B)
[2026-09-17T11:21:42.577Z] GET http://localhost:5173/src/App.css → 200 (49ms, 3531B)
[2026-09-17T11:21:42.577Z] GET http://localhost:5173/src/desktop.tsx?t=1789643854846 → 200 (49ms, 5778B)
[2026-09-17T11:21:42.579Z] GET http://localhost:5173/node_modules/.vite/deps/react-dom-8M5iOXzY.js?v=4c71661a → 200 (47ms, 50888B)
[2026-09-17T11:21:42.626Z] GET http://localhost:5173/node_modules/.vite/deps/@novnc_novnc.js?v=4c71661a → 200 (3ms, 1399277B)
[2026-09-17T11:22:32.393Z] GET http://localhost:5173/src/desktop.tsx?t=1789644152393 → 200 (4ms, 5942B)
[2026-09-17T11:22:39.592Z] GET http://localhost:5173/ → 200 (2ms, 626B)
[2026-09-17T11:22:39.597Z] GET http://localhost:5173/@vite/client → 200 (3ms, 210597B)
[2026-09-17T11:22:39.597Z] GET http://localhost:5173/src/main.jsx?t=1789644152393 → 200 (1ms, 1632B)
[2026-09-17T11:22:39.598Z] GET http://localhost:5173/@react-refresh → 200 (3ms, 111894B)
[2026-09-17T11:22:39.599Z] GET http://localhost:5173/node_modules/.vite/deps/react.js?v=4c71661a → 200 (?ms, 755B)
[2026-09-17T11:22:39.599Z] GET http://localhost:5173/node_modules/.vite/deps/react-dom_client.js?v=4c71661a → 200 (?ms, 3132169B)
[2026-09-17T11:22:39.599Z] GET http://localhost:5173/src/index.css → 200 (2ms, 2740B)
[2026-09-17T11:22:39.599Z] GET http://localhost:5173/src/App.jsx?t=1789644152393 → 200 (1ms, 2281B)
[2026-09-17T11:22:39.599Z] GET http://localhost:5173/node_modules/.vite/deps/react_jsx-dev-runtime.js?v=4c71661a → 200 (?ms, 35681B)
[2026-09-17T11:22:39.600Z] GET http://localhost:5173/node_modules/.vite/deps/react-DFaPHOdc.js?v=4c71661a → 200 (?ms, 135400B)
[2026-09-17T11:22:39.600Z] GET http://localhost:5173/node_modules/.vite/deps/react-dom-8M5iOXzY.js?v=4c71661a → 200 (?ms, 50888B)
[2026-09-17T11:22:39.601Z] GET http://localhost:5173/src/App.css → 200 (1ms, 3531B)
[2026-09-17T11:22:39.601Z] GET http://localhost:5173/src/desktop.tsx?t=1789644152393 → 304 (1ms, ?B)
[2026-09-17T11:22:39.601Z] GET http://localhost:5173/node_modules/vite/dist/client/env.mjs → 200 (1ms, 3478B)
[2026-09-17T11:22:39.602Z] GET http://localhost:5173/node_modules/.vite/deps/@novnc_novnc.js?v=4c71661a → 200 (?ms, 1399277B)
